------------------------------------------------------------
Timing Analyzer Summary
------------------------------------------------------------

Type  : Slow 1100mV 85C Model Setup 'clock_generation|vga_40mhz_inst|altera_pll_i|general[1].gpll~PLL_OUTPUT_COUNTER|divclk'
Slack : 1.863
TNS   : 0.000

Type  : Slow 1100mV 85C Model Setup 'clock_generation|vga_40mhz_inst|altera_pll_i|general[0].gpll~PLL_OUTPUT_COUNTER|divclk'
Slack : 3.676
TNS   : 0.000

Type  : Slow 1100mV 85C Model Hold 'clock_generation|vga_40mhz_inst|altera_pll_i|general[1].gpll~PLL_OUTPUT_COUNTER|divclk'
Slack : 0.218
TNS   : 0.000

Type  : Slow 1100mV 85C Model Hold 'clock_generation|vga_40mhz_inst|altera_pll_i|general[0].gpll~PLL_OUTPUT_COUNTER|divclk'
Slack : 0.220
TNS   : 0.000

Type  : Slow 1100mV 85C Model Minimum Pulse Width 'clock_generation|vga_40mhz_inst|altera_pll_i|general[0].gpll~FRACTIONAL_PLL|vcoph[0]'
Slack : 1.250
TNS   : 0.000

Type  : Slow 1100mV 85C Model Minimum Pulse Width 'CLOCK_50'
Slack : 9.900
TNS   : 0.000

Type  : Slow 1100mV 85C Model Minimum Pulse Width 'clock_generation|vga_40mhz_inst|altera_pll_i|general[0].gpll~PLL_OUTPUT_COUNTER|divclk'
Slack : 11.114
TNS   : 0.000

Type  : Slow 1100mV 85C Model Minimum Pulse Width 'clock_generation|vga_40mhz_inst|altera_pll_i|general[1].gpll~PLL_OUTPUT_COUNTER|divclk'
Slack : 498.684
TNS   : 0.000

Type  : Slow 1100mV 0C Model Setup 'clock_generation|vga_40mhz_inst|altera_pll_i|general[1].gpll~PLL_OUTPUT_COUNTER|divclk'
Slack : 2.051
TNS   : 0.000

Type  : Slow 1100mV 0C Model Setup 'clock_generation|vga_40mhz_inst|altera_pll_i|general[0].gpll~PLL_OUTPUT_COUNTER|divclk'
Slack : 3.755
TNS   : 0.000

Type  : Slow 1100mV 0C Model Hold 'clock_generation|vga_40mhz_inst|altera_pll_i|general[0].gpll~PLL_OUTPUT_COUNTER|divclk'
Slack : 0.207
TNS   : 0.000

Type  : Slow 1100mV 0C Model Hold 'clock_generation|vga_40mhz_inst|altera_pll_i|general[1].gpll~PLL_OUTPUT_COUNTER|divclk'
Slack : 0.347
TNS   : 0.000

Type  : Slow 1100mV 0C Model Minimum Pulse Width 'clock_generation|vga_40mhz_inst|altera_pll_i|general[0].gpll~FRACTIONAL_PLL|vcoph[0]'
Slack : 1.250
TNS   : 0.000

Type  : Slow 1100mV 0C Model Minimum Pulse Width 'CLOCK_50'
Slack : 9.926
TNS   : 0.000

Type  : Slow 1100mV 0C Model Minimum Pulse Width 'clock_generation|vga_40mhz_inst|altera_pll_i|general[0].gpll~PLL_OUTPUT_COUNTER|divclk'
Slack : 11.164
TNS   : 0.000

Type  : Slow 1100mV 0C Model Minimum Pulse Width 'clock_generation|vga_40mhz_inst|altera_pll_i|general[1].gpll~PLL_OUTPUT_COUNTER|divclk'
Slack : 498.734
TNS   : 0.000

Type  : Fast 1100mV 85C Model Setup 'clock_generation|vga_40mhz_inst|altera_pll_i|general[1].gpll~PLL_OUTPUT_COUNTER|divclk'
Slack : 5.810
TNS   : 0.000

Type  : Fast 1100mV 85C Model Setup 'clock_generation|vga_40mhz_inst|altera_pll_i|general[0].gpll~PLL_OUTPUT_COUNTER|divclk'
Slack : 6.839
TNS   : 0.000

Type  : Fast 1100mV 85C Model Hold 'clock_generation|vga_40mhz_inst|altera_pll_i|general[1].gpll~PLL_OUTPUT_COUNTER|divclk'
Slack : -0.078
TNS   : -0.079

Type  : Fast 1100mV 85C Model Hold 'clock_generation|vga_40mhz_inst|altera_pll_i|general[0].gpll~PLL_OUTPUT_COUNTER|divclk'
Slack : 0.130
TNS   : 0.000

Type  : Fast 1100mV 85C Model Minimum Pulse Width 'clock_generation|vga_40mhz_inst|altera_pll_i|general[0].gpll~FRACTIONAL_PLL|vcoph[0]'
Slack : 1.250
TNS   : 0.000

Type  : Fast 1100mV 85C Model Minimum Pulse Width 'CLOCK_50'
Slack : 9.643
TNS   : 0.000

Type  : Fast 1100mV 85C Model Minimum Pulse Width 'clock_generation|vga_40mhz_inst|altera_pll_i|general[0].gpll~PLL_OUTPUT_COUNTER|divclk'
Slack : 11.079
TNS   : 0.000

Type  : Fast 1100mV 85C Model Minimum Pulse Width 'clock_generation|vga_40mhz_inst|altera_pll_i|general[1].gpll~PLL_OUTPUT_COUNTER|divclk'
Slack : 498.598
TNS   : 0.000

Type  : Fast 1100mV 0C Model Setup 'clock_generation|vga_40mhz_inst|altera_pll_i|general[1].gpll~PLL_OUTPUT_COUNTER|divclk'
Slack : 6.346
TNS   : 0.000

Type  : Fast 1100mV 0C Model Setup 'clock_generation|vga_40mhz_inst|altera_pll_i|general[0].gpll~PLL_OUTPUT_COUNTER|divclk'
Slack : 7.322
TNS   : 0.000

Type  : Fast 1100mV 0C Model Hold 'clock_generation|vga_40mhz_inst|altera_pll_i|general[1].gpll~PLL_OUTPUT_COUNTER|divclk'
Slack : -0.068
TNS   : -0.072

Type  : Fast 1100mV 0C Model Hold 'clock_generation|vga_40mhz_inst|altera_pll_i|general[0].gpll~PLL_OUTPUT_COUNTER|divclk'
Slack : 0.118
TNS   : 0.000

Type  : Fast 1100mV 0C Model Minimum Pulse Width 'clock_generation|vga_40mhz_inst|altera_pll_i|general[0].gpll~FRACTIONAL_PLL|vcoph[0]'
Slack : 1.250
TNS   : 0.000

Type  : Fast 1100mV 0C Model Minimum Pulse Width 'CLOCK_50'
Slack : 9.632
TNS   : 0.000

Type  : Fast 1100mV 0C Model Minimum Pulse Width 'clock_generation|vga_40mhz_inst|altera_pll_i|general[0].gpll~PLL_OUTPUT_COUNTER|divclk'
Slack : 11.193
TNS   : 0.000

Type  : Fast 1100mV 0C Model Minimum Pulse Width 'clock_generation|vga_40mhz_inst|altera_pll_i|general[1].gpll~PLL_OUTPUT_COUNTER|divclk'
Slack : 498.711
TNS   : 0.000

------------------------------------------------------------
