Info: Start Nativelink Simulation process

========= EDA Simulation Settings =====================

Sim Mode              :  Gate
Family                :  cyclonev
Quartus root          :  c:/intelfpga_lite/18.1/quartus/bin64/
Quartus sim root      :  c:/intelfpga_lite/18.1/quartus/eda/sim_lib
Simulation Tool       :  modelsim-altera
Simulation Language   :  systemverilog
Simulation Mode       :  GUI
Sim Output File       :  bram.svo
Sim SDF file          :  bram__verilog.sdo
Sim dir               :  simulation\modelsim

=======================================================

Info: Starting NativeLink simulation with ModelSim-Altera software
Sourced NativeLink script c:/intelfpga_lite/18.1/quartus/common/tcl/internal/nativelink/modelsim.tcl
Probing transcript
ModelSim-Altera Info: # Reading C:/intelFPGA_lite/18.1/modelsim_ase/tcl/vsim/pref.tcl
ModelSim-Altera Info: # do bram_run_msim_gate_systemverilog.do
ModelSim-Altera Info: # if {[file exists gate_work]} {
ModelSim-Altera Info: # 	vdel -lib gate_work -all
ModelSim-Altera Info: # }
ModelSim-Altera Info: # vlib gate_work
ModelSim-Altera Info: # vmap work gate_work
ModelSim-Altera Info: # Model Technology ModelSim - Intel FPGA Edition vmap 10.5b Lib Mapping Utility 2016.10 Oct  5 2016
ModelSim-Altera Info: # vmap work gate_work 
ModelSim-Altera Info: # Copying C:/intelFPGA_lite/18.1/modelsim_ase/win32aloem/../modelsim.ini to modelsim.ini
ModelSim-Altera Info: # Modifying modelsim.ini
ModelSim-Altera Info: # 
ModelSim-Altera Info: # vlog -sv -work work +incdir+. {bram.svo}
ModelSim-Altera Info: # Model Technology ModelSim - Intel FPGA Edition vlog 10.5b Compiler 2016.10 Oct  5 2016
ModelSim-Altera Info: # Start time: 10:38:01 on Jun 22,2024
ModelSim-Altera Info: # vlog -reportprogress 300 -sv -work work "+incdir+." bram.svo 
ModelSim-Altera Info: # -- Compiling module VGA_top
ModelSim-Altera Info: # 
ModelSim-Altera Info: # Top level modules:
ModelSim-Altera Info: # 	VGA_top
ModelSim-Altera Info: # End time: 10:38:01 on Jun 22,2024, Elapsed time: 0:00:00
ModelSim-Altera Info: # Errors: 0, Warnings: 0
ModelSim-Altera Info: # 
ModelSim-Altera Info: # vlog -sv -work work +incdir+C:/Users/flipa/OneDrive\ -\ UBC/Projects/Bad-Apple/Quartus/../testbench {C:/Users/flipa/OneDrive - UBC/Projects/Bad-Apple/Quartus/../testbench/VGA_tb.sv}
ModelSim-Altera Info: # Model Technology ModelSim - Intel FPGA Edition vlog 10.5b Compiler 2016.10 Oct  5 2016
ModelSim-Altera Info: # Start time: 10:38:01 on Jun 22,2024
ModelSim-Altera Info: # vlog -reportprogress 300 -sv -work work "+incdir+C:/Users/flipa/OneDrive - UBC/Projects/Bad-Apple/Quartus/../testbench" C:/Users/flipa/OneDrive - UBC/Projects/Bad-Apple/Quartus/../testbench/VGA_tb.sv 
ModelSim-Altera Info: # -- Compiling module tb
ModelSim-Altera Info: # 
ModelSim-Altera Info: # Top level modules:
ModelSim-Altera Info: # 	tb
ModelSim-Altera Info: # End time: 10:38:02 on Jun 22,2024, Elapsed time: 0:00:01
ModelSim-Altera Info: # Errors: 0, Warnings: 0
ModelSim-Altera Info: # 
ModelSim-Altera Info: # vsim -t 1ps +transport_int_delays +transport_path_delays -L altera_ver -L altera_lnsim_ver -L cyclonev_ver -L lpm_ver -L sgate_ver -L cyclonev_hssi_ver -L altera_mf_ver -L cyclonev_pcie_hip_ver -L gate_work -L work -voptargs="+acc"  VGA_tb
ModelSim-Altera Info: # vsim -t 1ps "+transport_int_delays" "+transport_path_delays" -L altera_ver -L altera_lnsim_ver -L cyclonev_ver -L lpm_ver -L sgate_ver -L cyclonev_hssi_ver -L altera_mf_ver -L cyclonev_pcie_hip_ver -L gate_work -L work -voptargs=""+acc"" VGA_tb 
ModelSim-Altera Info: # Start time: 10:38:02 on Jun 22,2024
ModelSim-Altera Error: # ** Error: (vsim-3170) Could not find 'VGA_tb'.
ModelSim-Altera Info: #         Searched libraries:
ModelSim-Altera Info: #             C:/intelFPGA_lite/18.1/modelsim_ase/altera/verilog/altera
ModelSim-Altera Info: #             C:/intelFPGA_lite/18.1/modelsim_ase/altera/verilog/altera_lnsim
ModelSim-Altera Info: #             C:/intelFPGA_lite/18.1/modelsim_ase/altera/verilog/cyclonev
ModelSim-Altera Info: #             C:/intelFPGA_lite/18.1/modelsim_ase/altera/verilog/220model
ModelSim-Altera Info: #             C:/intelFPGA_lite/18.1/modelsim_ase/altera/verilog/sgate
ModelSim-Altera Info: #             C:/intelFPGA_lite/18.1/modelsim_ase/altera/verilog/cyclonev_hssi
ModelSim-Altera Info: #             C:/intelFPGA_lite/18.1/modelsim_ase/altera/verilog/altera_mf
ModelSim-Altera Info: #             C:/intelFPGA_lite/18.1/modelsim_ase/altera/verilog/cyclonev_pcie_hip
ModelSim-Altera Info: #             C:/Users/flipa/OneDrive - UBC/Projects/Bad-Apple/Quartus/simulation/modelsim/gate_work
ModelSim-Altera Info: #             C:/Users/flipa/OneDrive - UBC/Projects/Bad-Apple/Quartus/simulation/modelsim/gate_work
ModelSim-Altera Info: # Error loading design
ModelSim-Altera Info: # Error: Error loading design
ModelSim-Altera Info: #        Pausing macro execution
ModelSim-Altera Info: # MACRO ./bram_run_msim_gate_systemverilog.do PAUSED at line 12
ModelSim-Altera Info: vsim VGA_tb
ModelSim-Altera Info: # vsim VGA_tb 
ModelSim-Altera Info: # Start time: 10:38:02 on Jun 22,2024
ModelSim-Altera Error: # ** Error: (vsim-3170) Could not find 'VGA_tb'.
ModelSim-Altera Info: #         Searched libraries:
ModelSim-Altera Info: #             C:/Users/flipa/OneDrive - UBC/Projects/Bad-Apple/Quartus/simulation/modelsim/gate_work
ModelSim-Altera Info: # Error loading design
ModelSim-Altera Info: # Error: Error loading design
ModelSim-Altera Info: #        Pausing macro execution
ModelSim-Altera Info: # MACRO ./bram_run_msim_gate_systemverilog.do PAUSED at line 12
ModelSim-Altera Info: # End time: 10:38:53 on Jun 22,2024, Elapsed time: 0:00:51
ModelSim-Altera Info: # Errors: 2, Warnings: 0
Error: Errors encountered while running modelsim do file
Error: NativeLink simulation flow was NOT successful



================The following additional information is provided to help identify the cause of error while running nativelink scripts=================
Nativelink TCL script failed with errorCode:  1
Nativelink TCL script failed with errorInfo:  1
    (procedure "launch_sim" line 1)
    invoked from within
"launch_sim launch_args_hash"
    ("eval" body line 1)
    invoked from within
"eval launch_sim launch_args_hash"
    invoked from within
"if [ info exists ::errorCode ] {
                set savedCode $::errorCode
                set savedInfo $::errorInfo
                error $result $..."
    invoked from within
"if [catch {eval launch_sim launch_args_hash} result ] {
            set status 1
            if [ info exists ::errorCode ] {
                set save..."
    (procedure "run_sim" line 74)
    invoked from within
"run_sim run_sim_args_hash"
    invoked from within
"if [ info exists ::errorCode ] {
            set savedCode $::errorCode
            set savedInfo $::errorInfo
            error "$result" $savedInfo ..."
    (procedure "run_eda_simulation_tool" line 334)
    invoked from within
"run_eda_simulation_tool eda_opts_hash"
